// Jest Snapshot v1, https://goo.gl/fbAQLP

exports[`BS in CS: CyberSec and SecSoftDev Program Node should have expected snapshot 1`] = `
{
  "internalId": "RG-11317",
  "key": "bs_in_cs__cybersec___cyberdef_2019",
  "name": "BS In CS: CyberSec & CyberDef 2019",
  "satisfied": "INCOMPLETE",
  "subNodes": [
    {
      "description": "Racial and Ethnic StudiesStudents must take 6 credits, a minimum of 3 credits must be from RES-A",
      "index": 1,
      "internalId": "RQ-10360",
      "isGenEd": true,
      "key": "res_requirement",
      "name": "RES Requirement",
      "nextIndex": 7,
      "satisfied": "COMPLETE",
      "subNodes": [],
      "units": {
        "credits": {
          "current": 3,
          "required": 3,
        },
      },
    },
    {
      "description": "Global Perspectives",
      "index": 7,
      "internalId": "RQ-025",
      "isGenEd": true,
      "key": "glp_requirement",
      "name": "GLP Requirement",
      "nextIndex": 11,
      "satisfied": "COMPLETE",
      "subNodes": [],
      "units": {
        "credits": {
          "current": 12,
          "required": 6,
        },
      },
    },
    {
      "description": "General Education: Communication Skills",
      "index": 11,
      "internalId": "RQ-020",
      "isGenEd": true,
      "key": "gened__communication_skills",
      "name": "GenEd: Communication Skills",
      "nextIndex": 19,
      "satisfied": "COMPLETE",
      "subNodes": [],
      "units": {},
    },
    {
      "description": "General Education-Analytical Reasoning & Natural ScienceComputer Science Requirements",
      "index": 19,
      "internalId": "RQ-10588",
      "isGenEd": true,
      "key": "gened__arns",
      "name": "GenEd: ARNS",
      "nextIndex": 31,
      "satisfied": "COMPLETE",
      "subNodes": [],
      "units": {
        "courses": {
          "current": 1,
          "required": 1,
        },
      },
    },
    {
      "description": "General Education: Humanities and the Arts- Select from two or more areas Including: Art History/Music Appreciation, Creative/Performing Arts, History, Literature, Philosophy, & Foreign Language & Culture  *Effective 01/01/2021, PHOTO 130 NO LONGER classified as GE HUM/ART & does not satisfy this area.   **Effective 08/15/2021, ART 100 & ART 101 NO LONGER classified as GE HUM/ART & do not satisfy this area.",
      "index": 31,
      "internalId": "RQ-019",
      "isGenEd": true,
      "key": "gened__humart",
      "name": "GenEd: HumArt",
      "nextIndex": 39,
      "satisfied": "COMPLETE",
      "subNodes": [],
      "units": {
        "credits": {
          "current": 6,
          "required": 6,
        },
      },
    },
    {
      "description": "General Education: Social and Behavioral Sciences - Courses MUST be from two or more Areas Including: Anthropology, Economics, Geography, Political Science, Psychology and Sociology",
      "index": 39,
      "internalId": "RQ-0138",
      "isGenEd": true,
      "key": "gened__sbsci",
      "name": "GenEd: SBSci",
      "nextIndex": 47,
      "satisfied": "COMPLETE",
      "subNodes": [],
      "units": {
        "credits": {
          "current": 6,
          "required": 6,
        },
      },
    },
    {
      "description": "General Education: Cross-disciplinary Issues",
      "index": 47,
      "internalId": "RQ-10378",
      "isGenEd": true,
      "key": "gened__ci",
      "name": "GenEd: CI",
      "nextIndex": 51,
      "satisfied": "COMPLETE",
      "subNodes": [],
      "units": {
        "credits": {
          "current": 3,
          "required": 3,
        },
      },
    },
    {
      "description": "General Education- Social Responsibility and Ethical ReasoningTake ICT 215",
      "index": 51,
      "internalId": "RQ-10432",
      "isGenEd": true,
      "key": "gened__srer",
      "name": "GenEd: SRER",
      "nextIndex": 55,
      "satisfied": "COMPLETE",
      "subNodes": [],
      "units": {
        "courses": {
          "current": 1,
          "required": 0,
        },
      },
    },
    {
      "description": "COMPUTER SCIENCE MAJOR STUDIES A grade of C or better is required for all MATH, CS, and GDD courses. ",
      "index": 55,
      "internalId": "RQ-0451",
      "isGenEd": false,
      "key": "maj__cs_major_studies",
      "name": "Maj: CS Major Studies",
      "nextIndex": 69,
      "satisfied": "INCOMPLETE",
      "subNodes": [],
      "units": {
        "courses": {
          "current": 8,
          "required": 10,
        },
        "credits": {
          "current": 45,
          "required": 45,
        },
      },
    },
    {
      "description": "Student must complete a minimum of 6 Natural Science Credits",
      "index": 69,
      "internalId": "RQ-010760",
      "isGenEd": false,
      "key": "verify_completion_of_natural_science_credit_requirement",
      "name": "Verify Completion Of Natural Science Credit Requirement",
      "nextIndex": 73,
      "satisfied": "COMPLETE",
      "subNodes": [],
      "units": {
        "credits": {
          "current": 7,
          "required": 6,
        },
      },
    },
    {
      "description": "Cyber Security & Cyber Defense Secure Software Development",
      "index": 73,
      "internalId": "RQ-10639",
      "isGenEd": false,
      "key": "conc__cybersec___cyberdef_secsoftdev",
      "name": "CONC: CyberSec & CyberDef SecSoftDev",
      "nextIndex": 79,
      "satisfied": "COMPLETE",
      "subNodes": [],
      "units": {},
    },
    {
      "description": "OTHER COURSES",
      "index": 79,
      "internalId": "RQ-0331",
      "isGenEd": false,
      "key": "other_courses",
      "name": "Other Courses",
      "nextIndex": 84,
      "satisfied": "COMPLETE",
      "subNodes": [],
      "units": {},
    },
  ],
  "units": {
    "credits": {
      "current": 120,
      "required": 120,
    },
    "gpa": {
      "current": 3.298,
      "required": 2,
    },
  },
}
`;
